     1                                  ;(10*a-5*b)+(d-5*c)
     2                                  
     3                                  bits 32
     4                                  global start
     5                                  
     6                                  extern exit
     7                                  import exit msvcrt.dll
     8                                  
     9                                  segment data use32 class=data
    10 00000000 05                          a db 5
    11 00000001 0A                          b db 10
    12 00000002 02                          c db 2
    13 00000003 6400                        d dw 100
    14 00000005 0A                          aux1 db 10
    15 00000006 05                          aux2 db 5
    16                                      
    17                                  segment code use32 class=code
    18                                  start:
    19                                  
    20 00000000 B00A                        mov AL, 10 ; AL = 10
    21 00000002 F625[00000000]              mul BYTE [a] ; AX = AL * a= 10 * a
    22 00000008 6689C3                      mov BX, AX ; BX = AX = 10 * a
    23 0000000B B005                        mov AL, 5 ; AL = 5
    24 0000000D F625[01000000]              mul BYTE [b] ; AX = AL * b = 5 * b
    25 00000013 6629C3                      sub BX, AX ; BX = BX - AX = 10 * a - 5 * b
    26 00000016 B005                        mov AL, 5 ; AL = 5
    27 00000018 F625[02000000]              mul BYTE [c] ; AX = AL * c = 5 * c
    28 0000001E 668B0D[03000000]            mov CX, [d] ; CX = d
    29 00000025 6629C1                      sub CX, AX ; CX = CX - AX = d - 5 * c
    30 00000028 6601CB                      add BX, CX ; BX= BX + CX = (10 * a - 5 * b) + (d - 5 * c)
    31 0000002B 6689D8                      mov AX, BX ; AX = BX = (10 * a - 5 * b) + (d - 5 * c)
    32                                      
    33 0000002E 6A00                        push dword 0
    34 00000030 FF15[00000000]              call [exit]
